  pch.cpp
  CBarracks.cpp
  CBattleCruiser.cpp
C:\Users\tnest\source\repos\스타크래프트\Starcraft\Starcraft\CInputMgr.h(20,38): warning C4244: 'return': 'LONG'에서 'float'(으)로 변환하면서 데이터가 손실될 수 있습니다.
  (compiling source file '/CBattleCruiser.cpp')
  
C:\Users\tnest\source\repos\스타크래프트\Starcraft\Starcraft\CInputMgr.h(21,38): warning C4244: 'return': 'LONG'에서 'float'(으)로 변환하면서 데이터가 손실될 수 있습니다.
  (compiling source file '/CBattleCruiser.cpp')
  
  CBmpMgr.cpp
  CBuilding.cpp
C:\Users\tnest\source\repos\스타크래프트\Starcraft\Starcraft\CBuilding.cpp(180,19): warning C4244: '초기화 중': 'double'에서 'float'(으)로 변환하면서 데이터가 손실될 수 있습니다.
  (compiling source file '/CBuilding.cpp')
  
  CButton.cpp
C:\Users\tnest\source\repos\스타크래프트\Starcraft\Starcraft\CInputMgr.h(20,38): warning C4244: 'return': 'LONG'에서 'float'(으)로 변환하면서 데이터가 손실될 수 있습니다.
  (compiling source file '/CButton.cpp')
  
C:\Users\tnest\source\repos\스타크래프트\Starcraft\Starcraft\CInputMgr.h(21,38): warning C4244: 'return': 'LONG'에서 'float'(으)로 변환하면서 데이터가 손실될 수 있습니다.
  (compiling source file '/CButton.cpp')
  
  CCollisionMgr.cpp
  CCommandCenter.cpp
C:\Users\tnest\source\repos\스타크래프트\Starcraft\Starcraft\CCommandCenter.cpp(114,11): warning C4244: '초기화 중': 'double'에서 'float'(으)로 변환하면서 데이터가 손실될 수 있습니다.
  (compiling source file '/CCommandCenter.cpp')
  
  CCommandMgr.cpp
C:\Users\tnest\source\repos\스타크래프트\Starcraft\Starcraft\CInputMgr.h(20,38): warning C4244: 'return': 'LONG'에서 'float'(으)로 변환하면서 데이터가 손실될 수 있습니다.
  (compiling source file '/CCommandMgr.cpp')
  
C:\Users\tnest\source\repos\스타크래프트\Starcraft\Starcraft\CInputMgr.h(21,38): warning C4244: 'return': 'LONG'에서 'float'(으)로 변환하면서 데이터가 손실될 수 있습니다.
  (compiling source file '/CCommandMgr.cpp')
  
  CEdit.cpp
C:\Users\tnest\source\repos\스타크래프트\Starcraft\Starcraft\CInputMgr.h(20,38): warning C4244: 'return': 'LONG'에서 'float'(으)로 변환하면서 데이터가 손실될 수 있습니다.
  (compiling source file '/CEdit.cpp')
  
C:\Users\tnest\source\repos\스타크래프트\Starcraft\Starcraft\CInputMgr.h(21,38): warning C4244: 'return': 'LONG'에서 'float'(으)로 변환하면서 데이터가 손실될 수 있습니다.
  (compiling source file '/CEdit.cpp')
  
C:\Users\tnest\source\repos\스타크래프트\Starcraft\Starcraft\CEdit.cpp(57,3): warning C4244: '인수': 'float'에서 'int'(으)로 변환하면서 데이터가 손실될 수 있습니다.
  (compiling source file '/CEdit.cpp')
  
C:\Users\tnest\source\repos\스타크래프트\Starcraft\Starcraft\CEdit.cpp(56,3): warning C4244: '인수': 'float'에서 'int'(으)로 변환하면서 데이터가 손실될 수 있습니다.
  (compiling source file '/CEdit.cpp')
  
  CFactory.cpp
  CInputMgr.cpp
C:\Users\tnest\source\repos\스타크래프트\Starcraft\Starcraft\CInputMgr.h(20,38): warning C4244: 'return': 'LONG'에서 'float'(으)로 변환하면서 데이터가 손실될 수 있습니다.
  (compiling source file '/CInputMgr.cpp')
  
C:\Users\tnest\source\repos\스타크래프트\Starcraft\Starcraft\CInputMgr.h(21,38): warning C4244: 'return': 'LONG'에서 'float'(으)로 변환하면서 데이터가 손실될 수 있습니다.
  (compiling source file '/CInputMgr.cpp')
  
  CMainGame.cpp
C:\Users\tnest\source\repos\스타크래프트\Starcraft\Starcraft\CInputMgr.h(20,38): warning C4244: 'return': 'LONG'에서 'float'(으)로 변환하면서 데이터가 손실될 수 있습니다.
  (compiling source file '/CMainGame.cpp')
  
C:\Users\tnest\source\repos\스타크래프트\Starcraft\Starcraft\CInputMgr.h(21,38): warning C4244: 'return': 'LONG'에서 'float'(으)로 변환하면서 데이터가 손실될 수 있습니다.
  (compiling source file '/CMainGame.cpp')
  
  CMainUI.cpp
C:\Users\tnest\source\repos\스타크래프트\Starcraft\Starcraft\CInputMgr.h(20,38): warning C4244: 'return': 'LONG'에서 'float'(으)로 변환하면서 데이터가 손실될 수 있습니다.
  (compiling source file '/CMainUI.cpp')
  
C:\Users\tnest\source\repos\스타크래프트\Starcraft\Starcraft\CInputMgr.h(21,38): warning C4244: 'return': 'LONG'에서 'float'(으)로 변환하면서 데이터가 손실될 수 있습니다.
  (compiling source file '/CMainUI.cpp')
  
  CMarine.cpp
C:\Users\tnest\source\repos\스타크래프트\Starcraft\Starcraft\CInputMgr.h(20,38): warning C4244: 'return': 'LONG'에서 'float'(으)로 변환하면서 데이터가 손실될 수 있습니다.
  (compiling source file '/CMarine.cpp')
  
C:\Users\tnest\source\repos\스타크래프트\Starcraft\Starcraft\CInputMgr.h(21,38): warning C4244: 'return': 'LONG'에서 'float'(으)로 변환하면서 데이터가 손실될 수 있습니다.
  (compiling source file '/CMarine.cpp')
  
  CMedic.cpp
C:\Users\tnest\source\repos\스타크래프트\Starcraft\Starcraft\CInputMgr.h(20,38): warning C4244: 'return': 'LONG'에서 'float'(으)로 변환하면서 데이터가 손실될 수 있습니다.
  (compiling source file '/CMedic.cpp')
  
C:\Users\tnest\source\repos\스타크래프트\Starcraft\Starcraft\CInputMgr.h(21,38): warning C4244: 'return': 'LONG'에서 'float'(으)로 변환하면서 데이터가 손실될 수 있습니다.
  (compiling source file '/CMedic.cpp')
  
  CMenu.cpp
  CMyBmp.cpp
  CNavMgr.cpp
C:\Users\tnest\source\repos\스타크래프트\Starcraft\Starcraft\CNavMgr.cpp(1,9): warning C4603: 'NOMINMAX': 매크로가 정의되지 않았거나 미리 컴파일된 헤더 사용 후와 정의가 다릅니다.
  (compiling source file '/CNavMgr.cpp')
      C:\Users\tnest\source\repos\스타크래프트\Starcraft\Starcraft\CNavMgr.cpp(1,9):
      여기에서 정의하지 않고 미리 컴파일된 헤더에 매크로 추가
      C:\Users\tnest\source\repos\스타크래프트\Starcraft\Starcraft\CNavMgr.cpp(2,1):
      미리 컴파일된 헤더 사용
  
C:\Users\tnest\source\repos\스타크래프트\Starcraft\Starcraft\CNavMgr.cpp(66,17): warning C4244: '=': 'float'에서 'int'(으)로 변환하면서 데이터가 손실될 수 있습니다.
  (compiling source file '/CNavMgr.cpp')
  
C:\Users\tnest\source\repos\스타크래프트\Starcraft\Starcraft\CNavMgr.cpp(67,17): warning C4244: '=': 'float'에서 'int'(으)로 변환하면서 데이터가 손실될 수 있습니다.
  (compiling source file '/CNavMgr.cpp')
  
C:\Users\tnest\source\repos\스타크래프트\Starcraft\Starcraft\CNavMgr.cpp(214,29): warning C4244: '초기화 중': 'double'에서 'float'(으)로 변환하면서 데이터가 손실될 수 있습니다.
  (compiling source file '/CNavMgr.cpp')
  
C:\Users\tnest\source\repos\스타크래프트\Starcraft\Starcraft\CNavMgr.cpp(215,29): warning C4244: '초기화 중': '_Ty'에서 'float'(으)로 변환하면서 데이터가 손실될 수 있습니다.
C:\Users\tnest\source\repos\스타크래프트\Starcraft\Starcraft\CNavMgr.cpp(215,29): warning C4244:         with
C:\Users\tnest\source\repos\스타크래프트\Starcraft\Starcraft\CNavMgr.cpp(215,29): warning C4244:         [
C:\Users\tnest\source\repos\스타크래프트\Starcraft\Starcraft\CNavMgr.cpp(215,29): warning C4244:             _Ty=int
C:\Users\tnest\source\repos\스타크래프트\Starcraft\Starcraft\CNavMgr.cpp(215,29): warning C4244:         ]
  (compiling source file '/CNavMgr.cpp')
  
  CObj.cpp
  CObjMgr.cpp
  코드를 생성하고 있습니다...
C:\Users\tnest\source\repos\스타크래프트\Starcraft\Starcraft\CNavMgr.cpp(56,1): warning C4715: 'CNavMgr::IsWalkable': 모든 제어 경로에서 값을 반환하지는 않습니다.
  컴파일하고 있습니다...
  CResourceMgr.cpp
  CSCV.cpp
C:\Users\tnest\source\repos\스타크래프트\Starcraft\Starcraft\CInputMgr.h(20,38): warning C4244: 'return': 'LONG'에서 'float'(으)로 변환하면서 데이터가 손실될 수 있습니다.
  (compiling source file '/CSCV.cpp')
  
C:\Users\tnest\source\repos\스타크래프트\Starcraft\Starcraft\CInputMgr.h(21,38): warning C4244: 'return': 'LONG'에서 'float'(으)로 변환하면서 데이터가 손실될 수 있습니다.
  (compiling source file '/CSCV.cpp')
  
  CScene.cpp
  CSceneMgr.cpp
  CScrollMgr.cpp
C:\Users\tnest\source\repos\스타크래프트\Starcraft\Starcraft\CScrollMgr.cpp(17,14): warning C4244: '초기화 중': 'double'에서 'float'(으)로 변환하면서 데이터가 손실될 수 있습니다.
  (compiling source file '/CScrollMgr.cpp')
  
  CSelectionMgr.cpp
C:\Users\tnest\source\repos\스타크래프트\Starcraft\Starcraft\CInputMgr.h(20,38): warning C4244: 'return': 'LONG'에서 'float'(으)로 변환하면서 데이터가 손실될 수 있습니다.
  (compiling source file '/CSelectionMgr.cpp')
  
C:\Users\tnest\source\repos\스타크래프트\Starcraft\Starcraft\CInputMgr.h(21,38): warning C4244: 'return': 'LONG'에서 'float'(으)로 변환하면서 데이터가 손실될 수 있습니다.
  (compiling source file '/CSelectionMgr.cpp')
  
  CStage.cpp
C:\Users\tnest\source\repos\스타크래프트\Starcraft\Starcraft\CInputMgr.h(20,38): warning C4244: 'return': 'LONG'에서 'float'(으)로 변환하면서 데이터가 손실될 수 있습니다.
  (compiling source file '/CStage.cpp')
  
C:\Users\tnest\source\repos\스타크래프트\Starcraft\Starcraft\CInputMgr.h(21,38): warning C4244: 'return': 'LONG'에서 'float'(으)로 변환하면서 데이터가 손실될 수 있습니다.
  (compiling source file '/CStage.cpp')
  
C:\Users\tnest\source\repos\스타크래프트\Starcraft\Starcraft\CStage.cpp(102,12): warning C4244: '초기화 중': 'double'에서 'float'(으)로 변환하면서 데이터가 손실될 수 있습니다.
  (compiling source file '/CStage.cpp')
  
  CStarport.cpp
  CTank.cpp
C:\Users\tnest\source\repos\스타크래프트\Starcraft\Starcraft\CInputMgr.h(20,38): warning C4244: 'return': 'LONG'에서 'float'(으)로 변환하면서 데이터가 손실될 수 있습니다.
  (compiling source file '/CTank.cpp')
  
C:\Users\tnest\source\repos\스타크래프트\Starcraft\Starcraft\CInputMgr.h(21,38): warning C4244: 'return': 'LONG'에서 'float'(으)로 변환하면서 데이터가 손실될 수 있습니다.
  (compiling source file '/CTank.cpp')
  
  CTile.cpp
  CTileMgr.cpp
C:\Users\tnest\source\repos\스타크래프트\Starcraft\Starcraft\CTileMgr.cpp(111,15): warning C4244: '초기화 중': 'float'에서 'int'(으)로 변환하면서 데이터가 손실될 수 있습니다.
  (compiling source file '/CTileMgr.cpp')
  
C:\Users\tnest\source\repos\스타크래프트\Starcraft\Starcraft\CTileMgr.cpp(112,15): warning C4244: '초기화 중': 'float'에서 'int'(으)로 변환하면서 데이터가 손실될 수 있습니다.
  (compiling source file '/CTileMgr.cpp')
  
C:\Users\tnest\source\repos\스타크래프트\Starcraft\Starcraft\CTileMgr.cpp(125,16): warning C4244: '초기화 중': 'double'에서 'int'(으)로 변환하면서 데이터가 손실될 수 있습니다.
  (compiling source file '/CTileMgr.cpp')
  
C:\Users\tnest\source\repos\스타크래프트\Starcraft\Starcraft\CTileMgr.cpp(126,16): warning C4244: '초기화 중': 'double'에서 'int'(으)로 변환하면서 데이터가 손실될 수 있습니다.
  (compiling source file '/CTileMgr.cpp')
  
C:\Users\tnest\source\repos\스타크래프트\Starcraft\Starcraft\CTileMgr.cpp(129,10): warning C4244: '초기화 중': 'float'에서 'int'(으)로 변환하면서 데이터가 손실될 수 있습니다.
  (compiling source file '/CTileMgr.cpp')
  
C:\Users\tnest\source\repos\스타크래프트\Starcraft\Starcraft\CTileMgr.cpp(130,10): warning C4244: '초기화 중': 'float'에서 'int'(으)로 변환하면서 데이터가 손실될 수 있습니다.
  (compiling source file '/CTileMgr.cpp')
  
C:\Users\tnest\source\repos\스타크래프트\Starcraft\Starcraft\CTileMgr.cpp(154,13): warning C4244: '초기화 중': 'float'에서 'int'(으)로 변환하면서 데이터가 손실될 수 있습니다.
  (compiling source file '/CTileMgr.cpp')
  
C:\Users\tnest\source\repos\스타크래프트\Starcraft\Starcraft\CTileMgr.cpp(157,12): warning C4244: '초기화 중': 'float'에서 'int'(으)로 변환하면서 데이터가 손실될 수 있습니다.
  (compiling source file '/CTileMgr.cpp')
  
C:\Users\tnest\source\repos\스타크래프트\Starcraft\Starcraft\CTileMgr.cpp(163,13): warning C4244: '초기화 중': 'float'에서 'int'(으)로 변환하면서 데이터가 손실될 수 있습니다.
  (compiling source file '/CTileMgr.cpp')
  
C:\Users\tnest\source\repos\스타크래프트\Starcraft\Starcraft\CTileMgr.cpp(166,12): warning C4244: '초기화 중': 'float'에서 'int'(으)로 변환하면서 데이터가 손실될 수 있습니다.
  (compiling source file '/CTileMgr.cpp')
  
  CTimeMgr.cpp
  CUIMgr.cpp
  CUnit.cpp
C:\Users\tnest\source\repos\스타크래프트\Starcraft\Starcraft\CUnit.cpp(201,11): warning C4244: '초기화 중': 'double'에서 'float'(으)로 변환하면서 데이터가 손실될 수 있습니다.
  (compiling source file '/CUnit.cpp')
  
C:\Users\tnest\source\repos\스타크래프트\Starcraft\Starcraft\CUnit.cpp(267,12): warning C4244: '초기화 중': 'double'에서 'float'(으)로 변환하면서 데이터가 손실될 수 있습니다.
  (compiling source file '/CUnit.cpp')
  
C:\Users\tnest\source\repos\스타크래프트\Starcraft\Starcraft\CUnit.cpp(269,13): warning C4305: '초기화 중': 'double'에서 'float'(으)로 잘립니다.
  (compiling source file '/CUnit.cpp')
  
C:\Users\tnest\source\repos\스타크래프트\Starcraft\Starcraft\CUnit.cpp(270,44): warning C4244: '인수': 'double'에서 'float'(으)로 변환하면서 데이터가 손실될 수 있습니다.
  (compiling source file '/CUnit.cpp')
  
  Commandable.cpp
  Starcraft.cpp
  코드를 생성하고 있습니다...
  Starcraft.vcxproj -> C:\Users\tnest\source\repos\스타크래프트\Starcraft\x64\Debug\Starcraft.exe
